<html>
<body>
<pre>
<h1>µVision Build Log</h1>
<h2>Project:</h2>
C:\Keil\Labware\Lab7_HeartBlock\Lab7.uvproj
Project File Date:  12/29/2014

<h2>Output:</h2>
Build target 'Lab7'
compiling main.c...
linking...
Program Size: Code=4272 RO-data=6156 RW-data=80 ZI-data=1752  
".\Lab7.axf" - 0 Error(s), 0 Warning(s).
Load "C:\\Keil\\Labware\\Lab7_HeartBlock\\Lab7.axf" 
Connecting: Mode=JTAG, Speed=1000000Hz
Erase Done.
Programming Done.
Verify OK.
</pre>
</body>
</html>
ng count = 80000;count>0;count--){}
main.c(162): error:  #20: identifier "count" is undefined
                for(unsigned long count = 80000;count>0;count--){}
main.c: 0 warnings, 4 errors
".\Lab7.axf" - 4 Error(s), 0 Warning(s).
Target not created
